---
source: hooked-config/tests/parsing.rs
expression: config
---
Config {
    general: General {
        config: "Hooked.toml",
        directory: "hooks",
        noise_level: Standard,
        template: None,
    },
    pre_commit: [
        PreCommit {
            name: None,
            noise_level: None,
            on_failure: Stop,
            staged: [],
            task: Task {
                command: None,
                script: None,
            },
        },
    ],
}
